INFO:__main__:starting Document processing
INFO:__main__:Docunent read succesfully
INFO:__main__:Document cleaned successfully
INFO:__main__:Document processed successfully.
INFO:__main__:starting Document processing
INFO:__main__:Docunent read succesfully
INFO:__main__:Document cleaned successfully
INFO:__main__:Document processed successfull--
INFO:Nauneet:starting Document processing
INFO:Nauneet:Docunent read succesfully
INFO:Nauneet:Document cleaned successfully
INFO:Nauneet:Document processed successfull--
INFO:__main__:starting Document processing
INFO:__main__:Docunent read succesfully
INFO:__main__:Document cleaned successfully
INFO:__main__:Document processed successfull--
INFO:__main__:starting Document processing
ERROR:__main__:File not found: ../input/sample1.txt
INFO:__main__:Docunent read succesfully
INFO:__main__:starting Document processing
ERROR:__main__:File not found: ../input/sample1.txt
INFO:__main__:starting Document processing
ERROR:__main__:File not found: ../input/sample1.txt
INFO:__main__:starting Document processing
ERROR:__main__:File not found: ../input/sample1.txt
INFO:__main__:starting Document processing
ERROR:__main__:File not found: ../input/sample1.txt
INFO:__main__:starting Document processing
INFO:__main__:Docunent read succesfully
INFO:__main__:Document cleaned successfully
INFO:__main__:Document processed successfull--
